{
  "metadata": {
    "leader": "00000nam a2200000zca4500",
    "fields": {}
  }
}
